// Jest Snapshot v1, https://goo.gl/fbAQLP

exports[`Button Component default snapshot testing 1`] = `
<View
  accessibilityState={
    {
      "busy": undefined,
      "checked": undefined,
      "disabled": undefined,
      "expanded": undefined,
      "selected": undefined,
    }
  }
  accessibilityValue={
    {
      "max": undefined,
      "min": undefined,
      "now": undefined,
      "text": undefined,
    }
  }
  accessible={true}
  collapsable={false}
  focusable={true}
  onClick={[Function]}
  onResponderGrant={[Function]}
  onResponderMove={[Function]}
  onResponderRelease={[Function]}
  onResponderTerminate={[Function]}
  onResponderTerminationRequest={[Function]}
  onStartShouldSetResponder={[Function]}
  style={
    {
      "alignItems": "center",
      "backgroundColor": "#007AFF",
      "borderRadius": 8,
      "marginVertical": 10,
      "opacity": 1,
      "padding": 10,
    }
  }
  testID="sample-button"
>
  <Text
    style={
      {
        "color": "#fff",
      }
    }
  >
    Press Me
  </Text>
</View>
`;

exports[`Button Component matches snapshot after clicking 1`] = `
<View
  accessibilityState={
    {
      "busy": undefined,
      "checked": undefined,
      "disabled": undefined,
      "expanded": undefined,
      "selected": undefined,
    }
  }
  accessibilityValue={
    {
      "max": undefined,
      "min": undefined,
      "now": undefined,
      "text": undefined,
    }
  }
  accessible={true}
  collapsable={false}
  focusable={true}
  onClick={[Function]}
  onResponderGrant={[Function]}
  onResponderMove={[Function]}
  onResponderRelease={[Function]}
  onResponderTerminate={[Function]}
  onResponderTerminationRequest={[Function]}
  onStartShouldSetResponder={[Function]}
  style={
    {
      "alignItems": "center",
      "backgroundColor": "#007AFF",
      "borderRadius": 8,
      "marginVertical": 10,
      "opacity": 1,
      "padding": 10,
    }
  }
  testID="sample-button"
>
  <Text
    style={
      {
        "color": "#fff",
      }
    }
  >
    Press Me
  </Text>
</View>
`;
